<testsuites name="results">
  <testsuite name="all" package="all">
    <property name="random_seed" value="1758978982" />
    <testcase name="test_project" classname="test" file="/home/tasminwsl/eqv/ttsky25a-tinyQVb_Digital-Equalizer/test/test.py" lineno="15" time="0.0019850730895996094" sim_time_ns="900.001" ratio_time="453384.31351237086" />
  </testsuite>
</testsuites>
